/^sdfs@3rc\.de$/
/^4536391d\.1010202@hausmeister-harz\.de$/
/^45363dd1\.8010900@hausmeister-harz\.de$/
/^4538ba23\.7070306@harzerleben\.de$/
/^453e50e9\.7080006@harzerleben\.de$/
/^8010900@hausmeister-harz\.de$/
/^administrator@harzerleben\.de$/
/^brusch@handwerk-harz\.de$/
/^btyaia@harzerleben\.de$/
/^cheese@handwerk-harz\.de$/
/^cnmeqj@ncxs\.net$/
/^cvhvgm@ncxs\.net$/
/^dacoiu@harzerleben\.de$/
/^dvwd@harzerleben\.de$/
/^ekqbm@harzerleben\.de$/
/^euo@harzerleben\.de$/
/^excoqc@harzerleben\.de$/
/^fgavyxnnu@ncxs\.net$/
/^fhqxe@hausmeister-harz\.de$/
/^fhvve@hausmeister-harz\.de$/
/^fikela@hausmeister-harz\.de$/
/^fpxk@hausmeister-harz\.de$/
/^frjku@hausmeister-harz\.de$/
/^frontdoor\.pr\.hu-1496962785-testing@handwerk-harz\.de$/
/^fxmzlie@hausmeister-harz\.de$/
/^fxuwfgi@hausmeister-harz\.de$/
/^fzmey@hausmeister-harz\.de$/
/^gianni-lozeron@handwerk-harz\.de$/
/^gkmdsu@ncxs\.net$/
/^goehausenbmr@hausmeister-harz\.de$/
/^gr@handwerk-harz\.de$/
/^gthisleter@handwerk-harz\.de$/
/^gux@harzerleben\.de$/
/^harbard\.evanzo\.de-1496960804-testing@handwerk-harz\.de$/
/^harbard\.evanzo\.de-1497305913-testing@hausmeister-harz\.de$/
/^hcryr@harzerleben\.de$/
/^heypgo@ncxs\.net$/
/^hqxe@hausmeister-harz\.de$/
/^htfg@hausmeister-harz\.de$/
/^iamjustsendingthisleter@handwerk-harz\.de$/
/^iamjustsendingthisleter@harzerleben\.de$/
/^ictam@harzerleben\.de$/
/^info@harzerleben\.de$/
/^isxp@hausmeister-harz\.de$/
/^japhbk@ncxs\.net$/
/^jnawib@harzerleben\.de$/
/^jndmnd@ncxs\.net$/
/^kcuw@harzerleben\.de$/
/^latterrsp@handwerk-harz\.de$/
/^lbsigf@ncxs\.net$/
/^libguk@harzerleben\.de$/
/^mfanps@harzerleben\.de$/
/^mgexcru@ncxs\.net$/
/^miij@beoba\.de$/
/^mtzwzr@ncxs\.net$/
/^njimvv@ncxs\.net$/
/^nldcyq@ncxs\.net$/
/^nmbdkk@harzerleben\.de$/
/^nmgzvk@harzerleben\.de$/
/^nreol@harzerleben\.de$/
/^oqy@hausmeister-harz\.de$/
/^part1\.02050009\.02050209@harzerleben\.de$/
/^petgord34truew@harzerleben\.de$/
/^petgord34truew@hausmeister-harz\.de$/
/^ptbcny@harzerleben\.de$/
/^pxk@hausmeister-harz\.de$/
/^qgkvh@harzerleben\.de$/
/^qzlmgo@ncxs\.net$/
/^rsvtnu@ncxs\.net$/
/^sgnpfd@ncxs\.net$/
/^siie@harzerleben\.de$/
/^stletter@harzerleben\.de$/
/^test@hausmeister-harz\.de$/
/^tfga@hausmeister-harz\.de$/
/^thisisjusttestletter@harzerleben\.de$/
/^vwinpog@hausmeister-harz\.de$/
/^wbn@hausmeister-harz\.de$/
/^xcmez@hausmeister-harz\.de$/
/^xmzlie@hausmeister-harz\.de$/
/^xodyt@harzerleben\.de$/
/^ybsktf@ncxs\.net$/
/^ygigbb@ncxs\.net$/
